// Jest Snapshot v1, https://goo.gl/fbAQLP

exports[`fear and greed section Renders consistently 1`] = `
<DocumentFragment>
  <div
    class="datab-parent"
  >
    <div
      class="title"
    >
      <span>
        Trending On Coingecko
      </span>
    </div>
    <div
      class="par"
    />
    ;
  </div>
</DocumentFragment>
`;
